// See "CLion Setup For C++ Catch BDD-Style Tests" - https://docs.google.com/document/d/1AlAgfgLH4f9KpP8DEscbuSYAQMJaOzCyd9HmjFjg8BM/edit?usp=sharing

// BDD-style Test

andrew@andrew-Alienware-Aurora-R5:~/dev/term2/sdc-term-2-vehicle-models/cmake-build-debug$ ./sdc_term_2_vehicle_models -r console -d yes --order lex [global_kinematic_model]
psi : 0.785398
psi + ( v / Lf ) * delta * dt : 1.5354
deg2rad ( rad2deg( psi ) + ( v / Lf ) * delta * dt ) : 0.798488
rad2deg( psi ) + ( v / Lf ) * delta * dt : 45.75

0.212132
0.212132
0.798488
1.3
0.000 s:     Then: the results are correct
0.000 s:     When: globalKinematic function is called
0.000 s:    Given: initial state and actuator values
0.000 s: Scenario: Kinematic model future state given actuator changes
===============================================================================
All tests passed (4 assertions in 1 test case)


ndrew@andrew-Alienware-Aurora-R5:~/dev/term2/sdc-term-2-vehicle-models/cmake-build-debug$ ./sdc_term_2_vehicle_models -r console -d yes --order lex [fit_3rd_degree_polynomial_to_waypoints]
-0.905562
0.000 s:     Then: use `polyeval` to evaluate x = 1.0 and test how close polynomial is to the waypoints
0.000 s:     When: use `polyfit` to fit a third order polynomial to the (x, y) coordinates
0.000 s:    Given: 6 x, y waypoints
0.001 s: Scenario: Evaluate how close an n-degree polynomial is to the given waypoints
===============================================================================
All tests passed (1 assertion in 1 test case)

// Build

andrew@andrew-Alienware-Aurora-R5:~/dev/term2/sdc-term-2-model-predictive-control/build$ cmake .. && make
-- Configuring done
-- Generating done
-- Build files have been written to: /home/andrew/dev/term2/sdc-term-2-model-predictive-control/build
Scanning dependencies of target sdc_term_2_model_predictive_control
[ 50%] Building CXX object CMakeFiles/sdc_term_2_model_predictive_control.dir/MPC.cpp.o
[100%] Linking CXX executable sdc_term_2_model_predictive_control
[100%] Built target sdc_term_2_model_predictive_control
andrew@andrew-Alienware-Aurora-R5:~/dev/term2/sdc-term-2-model-predictive-control/build$ ls -ali
total 2348
75505544 drwxrwxr-x 3 andrew andrew    4096 Jun 25 15:34 .
75505532 drwxrwxr-x 7 andrew andrew    4096 Jun 25 15:27 ..
75505562 -rw-rw-r-- 1 andrew andrew   11778 Jun 25 14:15 CMakeCache.txt
75505545 drwxrwxr-x 5 andrew andrew    4096 Jun 25 15:34 CMakeFiles
75505571 -rw-rw-r-- 1 andrew andrew    1433 Jun 25 14:15 cmake_install.cmake
75505566 -rw-rw-r-- 1 andrew andrew    5315 Jun 25 15:34 Makefile
75505586 -rwxrwxr-x 1 andrew andrew 2365184 Jun 25 15:34 sdc_term_2_model_predictive_control


andrew@andrew-Alienware-Aurora-R5:~/dev/term2/sdc-term2-p2-unscented-kalman-filters/build$ cmake .. && make
cmake: /home/andrew/miniconda3/envs/carnd-term1/lib/libssl.so.1.0.0: no version information available (required by /usr/lib/x86_64-linux-gnu/libcurl.so.4)
cmake: /home/andrew/miniconda3/envs/carnd-term1/lib/libssl.so.1.0.0: no version information available (required by /usr/lib/x86_64-linux-gnu/libcurl.so.4)
cmake: /home/andrew/miniconda3/envs/carnd-term1/lib/libssl.so.1.0.0: no version information available (required by /usr/lib/x86_64-linux-gnu/libcurl.so.4)
cmake: /home/andrew/miniconda3/envs/carnd-term1/lib/libcrypto.so.1.0.0: no version information available (required by /usr/lib/x86_64-linux-gnu/libcurl.so.4)
-- Configuring done
-- Generating done
-- Build files have been written to: /home/andrew/dev/term2/sdc-term2-p2-unscented-kalman-filters/build
/usr/bin/cmake: /home/andrew/miniconda3/envs/carnd-term1/lib/libssl.so.1.0.0: no version information available (required by /usr/lib/x86_64-linux-gnu/libcurl.so.4)
/usr/bin/cmake: /home/andrew/miniconda3/envs/carnd-term1/lib/libssl.so.1.0.0: no version information available (required by /usr/lib/x86_64-linux-gnu/libcurl.so.4)
/usr/bin/cmake: /home/andrew/miniconda3/envs/carnd-term1/lib/libssl.so.1.0.0: no version information available (required by /usr/lib/x86_64-linux-gnu/libcurl.so.4)
/usr/bin/cmake: /home/andrew/miniconda3/envs/carnd-term1/lib/libcrypto.so.1.0.0: no version information available (required by /usr/lib/x86_64-linux-gnu/libcurl.so.4)
/usr/bin/cmake: /home/andrew/miniconda3/envs/carnd-term1/lib/libssl.so.1.0.0: no version information available (required by /usr/lib/x86_64-linux-gnu/libcurl.so.4)
/usr/bin/cmake: /home/andrew/miniconda3/envs/carnd-term1/lib/libssl.so.1.0.0: no version information available (required by /usr/lib/x86_64-linux-gnu/libcurl.so.4)
/usr/bin/cmake: /home/andrew/miniconda3/envs/carnd-term1/lib/libssl.so.1.0.0: no version information available (required by /usr/lib/x86_64-linux-gnu/libcurl.so.4)
/usr/bin/cmake: /home/andrew/miniconda3/envs/carnd-term1/lib/libcrypto.so.1.0.0: no version information available (required by /usr/lib/x86_64-linux-gnu/libcurl.so.4)
/usr/bin/cmake: /home/andrew/miniconda3/envs/carnd-term1/lib/libssl.so.1.0.0: no version information available (required by /usr/lib/x86_64-linux-gnu/libcurl.so.4)
/usr/bin/cmake: /home/andrew/miniconda3/envs/carnd-term1/lib/libssl.so.1.0.0: no version information available (required by /usr/lib/x86_64-linux-gnu/libcurl.so.4)
/usr/bin/cmake: /home/andrew/miniconda3/envs/carnd-term1/lib/libssl.so.1.0.0: no version information available (required by /usr/lib/x86_64-linux-gnu/libcurl.so.4)
/usr/bin/cmake: /home/andrew/miniconda3/envs/carnd-term1/lib/libcrypto.so.1.0.0: no version information available (required by /usr/lib/x86_64-linux-gnu/libcurl.so.4)
Scanning dependencies of target UnscentedKF
/usr/bin/cmake: /home/andrew/miniconda3/envs/carnd-term1/lib/libssl.so.1.0.0: no version information available (required by /usr/lib/x86_64-linux-gnu/libcurl.so.4)
/usr/bin/cmake: /home/andrew/miniconda3/envs/carnd-term1/lib/libssl.so.1.0.0: no version information available (required by /usr/lib/x86_64-linux-gnu/libcurl.so.4)
/usr/bin/cmake: /home/andrew/miniconda3/envs/carnd-term1/lib/libssl.so.1.0.0: no version information available (required by /usr/lib/x86_64-linux-gnu/libcurl.so.4)
/usr/bin/cmake: /home/andrew/miniconda3/envs/carnd-term1/lib/libcrypto.so.1.0.0: no version information available (required by /usr/lib/x86_64-linux-gnu/libcurl.so.4)
[ 25%] Building CXX object CMakeFiles/UnscentedKF.dir/src/ukf.cpp.o
/usr/bin/cmake: /home/andrew/miniconda3/envs/carnd-term1/lib/libssl.so.1.0.0: no version information available (required by /usr/lib/x86_64-linux-gnu/libcurl.so.4)
/usr/bin/cmake: /home/andrew/miniconda3/envs/carnd-term1/lib/libssl.so.1.0.0: no version information available (required by /usr/lib/x86_64-linux-gnu/libcurl.so.4)
/usr/bin/cmake: /home/andrew/miniconda3/envs/carnd-term1/lib/libssl.so.1.0.0: no version information available (required by /usr/lib/x86_64-linux-gnu/libcurl.so.4)
/usr/bin/cmake: /home/andrew/miniconda3/envs/carnd-term1/lib/libcrypto.so.1.0.0: no version information available (required by /usr/lib/x86_64-linux-gnu/libcurl.so.4)
[ 50%] Linking CXX executable UnscentedKF
/usr/bin/cmake: /home/andrew/miniconda3/envs/carnd-term1/lib/libssl.so.1.0.0: no version information available (required by /usr/lib/x86_64-linux-gnu/libcurl.so.4)
/usr/bin/cmake: /home/andrew/miniconda3/envs/carnd-term1/lib/libssl.so.1.0.0: no version information available (required by /usr/lib/x86_64-linux-gnu/libcurl.so.4)
/usr/bin/cmake: /home/andrew/miniconda3/envs/carnd-term1/lib/libssl.so.1.0.0: no version information available (required by /usr/lib/x86_64-linux-gnu/libcurl.so.4)
/usr/bin/cmake: /home/andrew/miniconda3/envs/carnd-term1/lib/libcrypto.so.1.0.0: no version information available (required by /usr/lib/x86_64-linux-gnu/libcurl.so.4)
/usr/bin/cmake: /home/andrew/miniconda3/envs/carnd-term1/lib/libssl.so.1.0.0: no version information available (required by /usr/lib/x86_64-linux-gnu/libcurl.so.4)
/usr/bin/cmake: /home/andrew/miniconda3/envs/carnd-term1/lib/libssl.so.1.0.0: no version information available (required by /usr/lib/x86_64-linux-gnu/libcurl.so.4)
/usr/bin/cmake: /home/andrew/miniconda3/envs/carnd-term1/lib/libssl.so.1.0.0: no version information available (required by /usr/lib/x86_64-linux-gnu/libcurl.so.4)
/usr/bin/cmake: /home/andrew/miniconda3/envs/carnd-term1/lib/libcrypto.so.1.0.0: no version information available (required by /usr/lib/x86_64-linux-gnu/libcurl.so.4)
[100%] Built target UnscentedKF
/usr/bin/cmake: /home/andrew/miniconda3/envs/carnd-term1/lib/libssl.so.1.0.0: no version information available (required by /usr/lib/x86_64-linux-gnu/libcurl.so.4)
/usr/bin/cmake: /home/andrew/miniconda3/envs/carnd-term1/lib/libssl.so.1.0.0: no version information available (required by /usr/lib/x86_64-linux-gnu/libcurl.so.4)
/usr/bin/cmake: /home/andrew/miniconda3/envs/carnd-term1/lib/libssl.so.1.0.0: no version information available (required by /usr/lib/x86_64-linux-gnu/libcurl.so.4)
/usr/bin/cmake: /home/andrew/miniconda3/envs/carnd-term1/lib/libcrypto.so.1.0.0: no version information available (required by /usr/lib/x86_64-linux-gnu/libcurl.so.4)

// Memory Leak Test Results

andrew@andrew-Alienware-Aurora-R5:~/dev/term2/sdc-term-2-model-predictive-control/build$ valgrind --leak-check=yes ./sdc_term_2_model_predictive_control
==11884== Memcheck, a memory error detector
==11884== Copyright (C) 2002-2015, and GNU GPL'd, by Julian Seward et al.
==11884== Using Valgrind-3.12.0 and LibVEX; rerun with -h for copyright info
==11884== Command: ./sdc_term_2_model_predictive_control
==11884==
Iteration 0
******************************************************************************
This program contains Ipopt, a library for large-scale nonlinear optimization.
 Ipopt is released as open source code under the Eclipse Public License (EPL).
         For more information visit http://projects.coin-or.org/Ipopt
******************************************************************************

...

==11884== LEAK SUMMARY:
==11884==    definitely lost: 1,280 bytes in 3 blocks
==11884==    indirectly lost: 2,014 bytes in 62 blocks
==11884==      possibly lost: 2,730,278 bytes in 399 blocks
==11884==    still reachable: 16,390,944 bytes in 18,424 blocks
==11884==         suppressed: 0 bytes in 0 blocks


andrew@andrew-Alienware-Aurora-R5:~/dev/term2/sdc-term2-p2-unscented-kalman-filters/build$ valgrind --leak-check=yes ./UnscentedKF
==19033== Memcheck, a memory error detector
==19033== Copyright (C) 2002-2015, and GNU GPL'd, by Julian Seward et al.
==19033== Using Valgrind-3.12.0 and LibVEX; rerun with -h for copyright info
==19033== Command: ./UnscentedKF
==19033==
Usage instructions: ./UnscentedKF path/to/input.txt output.txt
==19033==
==19033== HEAP SUMMARY:
==19033==     in use at exit: 72,785 bytes in 2 blocks
==19033==   total heap usage: 4 allocs, 2 frees, 72,847 bytes allocated
==19033==
==19033== LEAK SUMMARY:
==19033==    definitely lost: 0 bytes in 0 blocks
==19033==    indirectly lost: 0 bytes in 0 blocks
==19033==      possibly lost: 0 bytes in 0 blocks
==19033==    still reachable: 72,785 bytes in 2 blocks
==19033==         suppressed: 0 bytes in 0 blocks
==19033== Reachable blocks (those to which a pointer was found) are not shown.
==19033== To see them, rerun with: --leak-check=full --show-leak-kinds=all
==19033==
==19033== For counts of detected and suppressed errors, rerun with: -v
==19033== ERROR SUMMARY: 0 errors from 0 contexts (suppressed: 0 from 0)

andrew@andrew-Alienware-Aurora-R5:~/dev/term2/sdc-term2-p2-unscented-kalman-filters/build$ ./UnscentedKF ../data/obj_pose-laser-radar-synthetic-input.txt ../data/obj_pose-laser-radar-synthetic-output.txt
RMSE
0.07
0.08
0.33
0.23
